2026-07-02 21:02:15,490 | INFO     | ======================================================================
2026-07-02 21:02:15,490 | INFO     |   EMA Angle Strategy — Empirical Hardening (Phase 11)
2026-07-02 21:02:15,490 | INFO     | ======================================================================
2026-07-02 21:02:18,231 | INFO     | Experiment metadata generated: experiment_metadata.json
2026-07-02 21:02:18,232 | INFO     | 
[Phase 1] Acquiring Historical Market Data...
2026-07-02 21:02:18,390 | INFO     | Loaded cached data: Gold (1m) - 7392 bars
2026-07-02 21:02:18,546 | INFO     | Loaded cached data: Gold (5m) - 13333 bars
2026-07-02 21:02:18,603 | INFO     | Loaded cached data: Gold (15m) - 4451 bars
2026-07-02 21:02:18,769 | INFO     | Loaded cached data: Gold (1h) - 13681 bars
2026-07-02 21:02:18,867 | INFO     | Loaded cached data: Silver (1m) - 6961 bars
2026-07-02 21:02:19,023 | INFO     | Loaded cached data: Silver (5m) - 13317 bars
2026-07-02 21:02:19,084 | INFO     | Loaded cached data: Silver (15m) - 4450 bars
2026-07-02 21:02:19,219 | INFO     | Loaded cached data: Silver (1h) - 13678 bars
2026-07-02 21:02:19,327 | INFO     | Loaded cached data: Bitcoin (1m) - 9399 bars
2026-07-02 21:02:19,473 | INFO     | Loaded cached data: Bitcoin (5m) - 16834 bars
2026-07-02 21:02:19,536 | INFO     | Loaded cached data: Bitcoin (15m) - 5613 bars
2026-07-02 21:02:19,695 | INFO     | Loaded cached data: Bitcoin (1h) - 17428 bars
2026-07-02 21:02:19,695 | INFO     | 
[Phase 2] Executing Walk-Forward Optimization Engine...
2026-07-02 21:02:25,588 | INFO     | WFA Progress: 1/12 iterations complete.
2026-07-02 21:02:36,689 | INFO     | WFA Progress: 2/12 iterations complete.
2026-07-02 21:02:40,447 | INFO     | WFA Progress: 3/12 iterations complete.
2026-07-02 21:02:50,843 | INFO     | WFA Progress: 4/12 iterations complete.
2026-07-02 21:02:57,048 | INFO     | WFA Progress: 5/12 iterations complete.
2026-07-02 21:03:07,526 | INFO     | WFA Progress: 6/12 iterations complete.
2026-07-02 21:03:11,398 | INFO     | WFA Progress: 7/12 iterations complete.
2026-07-02 21:03:22,896 | INFO     | WFA Progress: 8/12 iterations complete.
2026-07-02 21:03:31,062 | INFO     | WFA Progress: 9/12 iterations complete.
2026-07-02 21:03:43,455 | INFO     | WFA Progress: 10/12 iterations complete.
2026-07-02 21:03:48,768 | INFO     | WFA Progress: 11/12 iterations complete.
2026-07-02 21:04:04,578 | INFO     | WFA Progress: 12/12 iterations complete.
2026-07-02 21:04:04,578 | INFO     | WFA Sweep Complete.
2026-07-02 21:04:04,588 | INFO     | 
[Phase 3] Running Non-Parametric Statistical Suite...
2026-07-02 21:04:04,644 | INFO     | 
[Phase 4] Generating CSV Artifacts...
2026-07-02 21:04:04,644 | INFO     |   -> Exporting Walk-Forward Results to CSV...
2026-07-02 21:04:04,658 | INFO     |   -> Exporting Baseline Comparisons to CSV...
2026-07-02 21:04:04,661 | INFO     |   -> Exporting Statistical Tests to CSV...
2026-07-02 21:04:04,663 | INFO     |   -> Exporting Regime Robustness to CSV...
2026-07-02 21:04:04,666 | INFO     | 
======================================================================
2026-07-02 21:04:04,666 | INFO     |   EMPIRICAL EXECUTION COMPLETE
2026-07-02 21:04:04,666 | INFO     | ======================================================================
